[stmdigitalpro.com/index11f1.html]
[backblue.gif]
[fade.gif]
[index.html]
[stmdigitalpro.com/assets/images/favicon.png]
[stmdigitalpro.com/assets/images/logo/logo2.png]
[stmdigitalpro.com/assets/images/extra-2/banner/banner-20.png]
[stmdigitalpro.com/assets/images/extra-2/banner/banner-21.png]
[stmdigitalpro.com/assets/images/feature/am-fea1.png]
[stmdigitalpro.com/assets/images/feature/am-fea2.png]
[stmdigitalpro.com/assets/images/feature/am-fea3.png]
[stmdigitalpro.com/assets/images/feature/am-fea4.png]
[stmdigitalpro.com/assets/images/extra-2/footer/footer-bg.png]
[images.tcdn.com.br/static_inst/integracao/imagens/whatsapp.png]
[stmdigitalpro.com/assets/js/jquery-3.3.1.min.js]
[stmdigitalpro.com/assets/js/modernizr-3.6.0.min.js]
[stmdigitalpro.com/assets/js/plugins.js]
[stmdigitalpro.com/assets/js/bootstrap.min.js]
[stmdigitalpro.com/assets/js/magnific-popup.min.js]
[stmdigitalpro.com/assets/js/jquery-ui.min.js]
[stmdigitalpro.com/assets/js/wow.min.js]
[stmdigitalpro.com/assets/js/waypoints.js]
[stmdigitalpro.com/assets/js/nice-select.js]
[stmdigitalpro.com/assets/js/owl.min.js]
[stmdigitalpro.com/assets/js/counterup.min.js]
[stmdigitalpro.com/assets/js/paroller.js]
[stmdigitalpro.com/assets/js/main.js]
[stmdigitalpro.com/index11f1.html]
[stmdigitalpro.com/assets/css/bootstrap.min.css]
[stmdigitalpro.com/assets/webfonts/fa-brands-400.eot]
[stmdigitalpro.com/assets/webfonts/fa-brands-400d41d.eot]
[stmdigitalpro.com/assets/webfonts/fa-brands-400.woff2]
[stmdigitalpro.com/assets/webfonts/fa-brands-400.woff]
[stmdigitalpro.com/assets/webfonts/fa-brands-400.ttf]
[stmdigitalpro.com/assets/webfonts/fa-regular-400.eot]
[stmdigitalpro.com/assets/webfonts/fa-regular-400d41d.eot]
[stmdigitalpro.com/assets/webfonts/fa-regular-400.woff2]
[stmdigitalpro.com/assets/webfonts/fa-regular-400.woff]
[stmdigitalpro.com/assets/webfonts/fa-regular-400.ttf]
[stmdigitalpro.com/assets/webfonts/fa-solid-900.eot]
[stmdigitalpro.com/assets/webfonts/fa-solid-900d41d.eot]
[stmdigitalpro.com/assets/webfonts/fa-solid-900.woff2]
[stmdigitalpro.com/assets/webfonts/fa-solid-900.woff]
[stmdigitalpro.com/assets/webfonts/fa-solid-900.ttf]
[stmdigitalpro.com/assets/css/all.min.css]
[stmdigitalpro.com/assets/css/animate.css]
[stmdigitalpro.com/assets/css/nice-select.css]
[stmdigitalpro.com/assets/css/owl.video.play.png]
[stmdigitalpro.com/assets/css/owl.min.css]
[stmdigitalpro.com/assets/css/images/ui-icons_444444_256x240.png]
[stmdigitalpro.com/assets/css/images/ui-icons_555555_256x240.png]
[stmdigitalpro.com/assets/css/images/ui-icons_ffffff_256x240.png]
[stmdigitalpro.com/assets/css/images/ui-icons_777620_256x240.png]
[stmdigitalpro.com/assets/css/images/ui-icons_cc0000_256x240.png]
[stmdigitalpro.com/assets/css/images/ui-icons_777777_256x240.png]
[stmdigitalpro.com/assets/css/jquery-ui.min.css]
[stmdigitalpro.com/assets/css/magnific-popup.css]
[stmdigitalpro.com/assets/css/Flaticon.eot]
[stmdigitalpro.com/assets/css/Flaticond41d.eot]
[stmdigitalpro.com/assets/css/Flaticon.woff2]
[stmdigitalpro.com/assets/css/Flaticon.woff]
[stmdigitalpro.com/assets/css/Flaticon.ttf]
[stmdigitalpro.com/assets/css/flaticon.css]
[stmdigitalpro.com/assets/css/img/footer-shape.png]
[stmdigitalpro.com/assets/css/img/frame.png]
[stmdigitalpro.com/assets/css/img/map.png]
[stmdigitalpro.com/assets/css/img/slide-container.png]
[stmdigitalpro.com/assets/css/img/before.png]
[stmdigitalpro.com/assets/css/img/after.png]
[stmdigitalpro.com/assets/css/img/mobile-container.png]
[stmdigitalpro.com/assets/css/img/feature-bg.png]
[stmdigitalpro.com/assets/css/img/arrow.png]
[stmdigitalpro.com/assets/css/img/ex-bg.png]
[stmdigitalpro.com/assets/css/img/addon-bg.png]
[stmdigitalpro.com/assets/css/img/team_odd.png]
[stmdigitalpro.com/assets/css/img/review-before.png]
[stmdigitalpro.com/assets/css/img/review-after.png]
[stmdigitalpro.com/assets/css/img/feature-tab.png]
[stmdigitalpro.com/assets/css/img/do-bg.png]
[stmdigitalpro.com/assets/css/img/extra-2/map.png]
[stmdigitalpro.com/assets/css/img/extra-2/frame-shape.png]
[stmdigitalpro.com/assets/css/img/extra-2/feature-18.png]
[stmdigitalpro.com/assets/css/img/extra-2/pricing.png]
[stmdigitalpro.com/assets/css/main.css]
[www.googletagmanager.com/gtm5445.html]
[stmdigitalpro.com/assets/webfonts/fa-brands-400.svg]
[stmdigitalpro.com/assets/webfonts/fa-regular-400.svg]
[stmdigitalpro.com/assets/webfonts/fa-solid-900.svg]
[stmdigitalpro.com/assets/css/owl.video.play.html]
[stmdigitalpro.com/assets/css/images/ui-icons_444444_256x240.html]
[stmdigitalpro.com/assets/css/images/ui-icons_555555_256x240.html]
[stmdigitalpro.com/assets/css/images/ui-icons_ffffff_256x240.html]
[stmdigitalpro.com/assets/css/images/ui-icons_777620_256x240.html]
[stmdigitalpro.com/assets/css/images/ui-icons_cc0000_256x240.html]
[stmdigitalpro.com/assets/css/images/ui-icons_777777_256x240.html]
[stmdigitalpro.com/assets/css/Flaticon.svg]
